../Drivers/STM32F7xx_HAL_Driver/Inc/stm32f7xx_ll_gpio.h:881:22:LL_GPIO_SetOutputPin	16	static
../Drivers/STM32F7xx_HAL_Driver/Inc/stm32f7xx_ll_gpio.h:910:22:LL_GPIO_ResetOutputPin	16	static
../Middlewares/Third_Party/BSP/Src/74HC595.c:13:6:SN74HC595_Delay	8	static
../Middlewares/Third_Party/BSP/Src/74HC595.c:19:6:SN74HC595_Init	16	static
../Middlewares/Third_Party/BSP/Src/74HC595.c:29:6:SN74HC595_Update	24	static
../Middlewares/Third_Party/BSP/Src/74HC595.c:52:6:SN74HC595_SetPin	32	static
../Middlewares/Third_Party/BSP/Src/74HC595.c:64:6:SN74HC595_SetAll	24	static
../Middlewares/Third_Party/BSP/Src/74HC595.c:75:6:SN74HC595_Clear	16	static
../Middlewares/Third_Party/BSP/Src/74HC595.c:79:6:LatchPinSet	16	static
../Middlewares/Third_Party/BSP/Src/74HC595.c:92:6:ClockPinSet	16	static
../Middlewares/Third_Party/BSP/Src/74HC595.c:104:6:SerialDataPinSet	16	static
