../Drivers/STM32F7xx_HAL_Driver/Inc/stm32f7xx_ll_gpio.h:881:22:LL_GPIO_SetOutputPin	16	static
../Drivers/STM32F7xx_HAL_Driver/Inc/stm32f7xx_ll_gpio.h:910:22:LL_GPIO_ResetOutputPin	16	static
../Middlewares/Third_Party/BSP/Src/AD9834.c:15:20:SelectChip	8	static
../Middlewares/Third_Party/BSP/Src/AD9834.c:20:20:ReleaseChip	8	static
../Middlewares/Third_Party/BSP/Src/AD9834.c:25:20:SetBit	16	static
../Middlewares/Third_Party/BSP/Src/AD9834.c:29:20:ClrBit	16	static
../Middlewares/Third_Party/BSP/Src/AD9834.c:33:19:AD9834_Init	24	static
../Middlewares/Third_Party/BSP/Src/AD9834.c:58:19:AD9834_SetPhase	24	static
../Middlewares/Third_Party/BSP/Src/AD9834.c:77:19:AD9834_Stop	16	static
../Middlewares/Third_Party/BSP/Src/AD9834.c:93:19:AD9834_Start	16	static
../Middlewares/Third_Party/BSP/Src/AD9834.c:108:19:AD9834_SetFrequency	32	static
