../Middlewares/Third_Party/BSP/Src/scpi_server.c:103:8:SCPI_Write	40	static
../Middlewares/Third_Party/BSP/Src/scpi_server.c:114:15:SCPI_Flush	24	static
../Middlewares/Third_Party/BSP/Src/scpi_server.c:125:5:SCPI_Error	16	static
../Middlewares/Third_Party/BSP/Src/scpi_server.c:140:15:SCPI_Control	56	static
../Middlewares/Third_Party/BSP/Src/scpi_server.c:159:15:SCPI_Reset	16	static
../Middlewares/Third_Party/BSP/Src/scpi_server.c:166:15:SCPI_SystemCommTcpipControlQ	16	static
../Middlewares/Third_Party/BSP/Src/scpi_server.c:171:13:setEseReq	8	static
../Middlewares/Third_Party/BSP/Src/scpi_server.c:175:13:setError	16	static
../Middlewares/Third_Party/BSP/Src/scpi_server.c:179:6:SCPI_RequestControl	16	static
../Middlewares/Third_Party/BSP/Src/scpi_server.c:192:6:SCPI_AddError	24	static
../Middlewares/Third_Party/BSP/Src/scpi_server.c:200:6:scpi_netconn_callback	24	static
../Middlewares/Third_Party/BSP/Src/scpi_server.c:220:25:createServer	24	static
../Middlewares/Third_Party/BSP/Src/scpi_server.c:241:13:waitServer	16	static
../Middlewares/Third_Party/BSP/Src/scpi_server.c:248:12:processIoListen	24	static
../Middlewares/Third_Party/BSP/Src/scpi_server.c:266:12:processSrqIoListen	24	static
../Middlewares/Third_Party/BSP/Src/scpi_server.c:283:13:closeIo	16	static
../Middlewares/Third_Party/BSP/Src/scpi_server.c:291:13:closeSrqIo	16	static
../Middlewares/Third_Party/BSP/Src/scpi_server.c:299:12:processIo	32	static
../Middlewares/Third_Party/BSP/Src/scpi_server.c:346:12:processSrqIo	32	static
../Middlewares/Third_Party/BSP/Src/scpi_server.c:381:13:scpi_server_thread	56	static
../Middlewares/Third_Party/BSP/Src/scpi_server.c:438:6:scpi_server_init	16	static
